// Jest Snapshot v1, https://goo.gl/fbAQLP

exports[`the transformer does not throw errors for bad types 1`] = `
"\\"use strict\\";

var x = 5;"
`;

exports[`the transformer throws errors for bad syntax 1`] = `"badSyntax.tsx (2,9): '=' expected."`;

exports[`the transformer works 1`] = `
"\\"use strict\\";

Object.defineProperty(exports, \\"__esModule\\", { value: true });
function Cheese() {
    return { cheese: 'stilton' };
}
exports.default = Cheese;"
`;

exports[`the transformer works 2`] = `
Object {
  "mappings": ";;;AAKA,SAAAA,MAAA,GAAA;AACE,WAAO,EAACC,QAAQ,SAAT,EAAP;AACD;AAFDC,QAAAC,OAAA,GAAAH,MAAA",
  "names": Array [
    "Cheese",
    "cheese",
    "exports",
    "default",
  ],
  "sources": Array [
    "blah.tsx",
  ],
  "sourcesContent": Array [
    "
type Cheese = {
  readonly cheese: string
}

export default function Cheese(): Cheese {
  return {cheese: 'stilton'};
}
",
  ],
  "version": 3,
}
`;
